C51 COMPILER V8.02   TIMER                                                                 06/12/2016 08:46:19 PAGE 1   


C51 COMPILER V8.02, COMPILATION OF MODULE TIMER
OBJECT MODULE PLACED IN .\object\timer.obj
COMPILER INVOKED BY: E:\keil uvision3\C51\BIN\C51.EXE ..\timer.c LARGE BROWSE DEBUG OBJECTEXTEND OBJECT(.\object\timer.o
                    -bj)

line level    source

   1          #include "timer.h"
   2          void Timer0Init()
   3          {
   4   1          TMOD = 0x01;                    //设置定时器0为工作方式1（M1M0为01）
   5   1          TL0 = (65536-(Time0*Fosc/12000000))%256;                       
   6   1          TH0 = (65536-(Time0*Fosc/12000000))/256;              
   7   1              EA = 1;                         //开总中断
   8   1          ET0 = 1;                        //开定时器0中断
   9   1          TR0 = 1;                        //启动定时器0                  
  10   1      }


MODULE INFORMATION:   STATIC OVERLAYABLE
   CODE SIZE        =     16    ----
   CONSTANT SIZE    =   ----    ----
   XDATA SIZE       =   ----    ----
   PDATA SIZE       =   ----    ----
   DATA SIZE        =   ----    ----
   IDATA SIZE       =   ----    ----
   BIT SIZE         =   ----    ----
END OF MODULE INFORMATION.


C51 COMPILATION COMPLETE.  0 WARNING(S),  0 ERROR(S)
